// Jest Snapshot v1, https://goo.gl/fbAQLP

exports[`Counter Component Debe hacer match con el Snapshot 1`] = `
<h2>Counter</h2>
<p>15 <sup>2</sup> = 225</p>
<div><button class="btnControl">+1</button><!-- El manejo de eventos se puede hacer con v-on y con @ --><button class="btnControl">-1</button></div>
`;
